
> salon@0.1.0 build C:\Users\Randika\Documents\nextjs\salon
> next build

node.exe : ΓÜá Warning: Next.js 
inferred your workspace root, 
but it may not be correct.
At C:\Users\Randika\AppData\Roam
ing\npm\pnpm.ps1:24 char:5
+     & "node$exe"  "$basedir/no
de_modules/pnpm/bin/pnpm.cjs" 
$args
+     ~~~~~~~~~~~~~~~~~~~~~~~~~~
~~~~~~~~~~~~~~~~~~~~~~~~~~~~~~~~
~~~
    + CategoryInfo          : 
Not    Specified: (ΓÜá Warning: 
Ne..    .not be 
correct.:String) [],     
RemoteException
    + FullyQualifiedErrorId : 
Nat    iveCommandError
 
 We detected multiple lockfiles 
and selected the directory of C:
\Users\Randika\package-lock.json
 as the root directory.
 To silence this warning, set 
`turbopack.root` in your 
Next.js config, or consider 
removing one of the lockfiles 
if it's not needed.
   See https://nextjs.org/docs/a
pp/api-reference/config/next-con
fig-js/turbopack#root-directory 
for more information.
 Detected additional lockfiles: 
   * C:\Users\Randika\Documents\
nextjs\salon\pnpm-lock.yaml

Γû▓ Next.js 16.1.6 (Turbopack)

ΓÜá The "middleware" file 
convention is deprecated. 
Please use "proxy" instead. 
Learn more: https://nextjs.org/d
ocs/messages/middleware-to-proxy
  Creating an optimized production build ...

> Build error occurred
Error: Turbopack build failed 
with 1 errors:
./Documents/nextjs/salon/app/adm
in/clients/page.tsx:123:20
Parsing ecmascript source code 
failed
[0m [90m 121 |[39m           
[33m<[39m[33m/[39m[33mtable
[39m[33m>[39m
 [90m 122 |[39m         [33m<
[39m[33m/[39m[33mdiv[39m[3
3m>[39m
[31m[1m>[22m[39m[90m 123 
|[39m       [33m<[39m[33m/[
39m[33mmotion[39m[33m.[39mdi
v[33m>[39m
 [90m     |[39m               
     [31m[1m^[22m[39m
[31m[1m>[22m[39m[90m 124 
|[39m     [33m<[39m[33m/[39
m[33mdiv[39m[33m>[39m
 [90m     |[39m [31m[1m^[22
m[39m[31m[1m^[22m[39m[31m
[1m^[22m[39m[31m[1m^[22m[3
9m[31m[1m^[22m[39m
 [90m 125 |[39m   )[33m;[39m
 [90m 126 |[39m }
 [90m 127 |[39m[0m

Expected '</', got 'jsx text'


    at <unknown> (./Documents/ne
xtjs/salon/app/admin/clients/pag
e.tsx:123:20)
ΓÇëELIFECYCLEΓÇë Command failed with exit code 1.
